| PlaintextPasswordStorage.java:6:20:6:27 | password | Field should be reviewed whether it stores a password and is serialized to disk: password |
| PlaintextPasswordStorage.java:16:20:16:29 | credential | Field should be reviewed whether it stores a password and is serialized to disk: credential |
| PlaintextPasswordStorage.java:18:20:18:30 | credentials | Field should be reviewed whether it stores a password and is serialized to disk: credentials |
