| FileFromRestOfPath.java:7:17:7:31 | doPathTraversal | Potential missing permission check in FileFromRestOfPath#doPathTraversal |
| FileFromRestOfPath.java:12:19:12:27 | doNotCare | Potential missing permission check in FileFromRestOfPath#doNotCare |
| WebMethodMissingPermissionCheck.java:11:17:11:26 | doWhatever | Potential missing permission check in WebMethodMissingPermissionCheck#doWhatever |
| WebMethodMissingPermissionCheck.java:16:17:16:27 | doWhatever2 | Potential missing permission check in WebMethodMissingPermissionCheck#doWhatever2 |
| WebMethodMissingPermissionCheck.java:21:17:21:27 | doWhatever3 | Potential missing permission check in WebMethodMissingPermissionCheck#doWhatever3 |
